$ git status
On branch master
Your branch is up to date with 'origin/master'.

Untracked files:
  (use "git add <file>..." to include in what will be committed)

        Git Commands.txt

nothing added to commit but untracked files present (use "git add" to track)

sjerome@USLMASJEROME1 MINGW64 /c/DEL/2. Mule Training/sourcecode/TestMuleApp (master)
$ git add *

sjerome@USLMASJEROME1 MINGW64 /c/DEL/2. Mule Training/sourcecode/TestMuleApp (master)
$ git add Commands.txt

$ git commit -m"My first Commit"
[master 61c0a43] My first Commit
 1 file changed, 16 insertions(+)
 create mode 100644 Git Commands.txt

 $ git pull origin master
From https://github.com/shajinjerome/TestMuleApp
 * branch            master     -> FETCH_HEAD
Already up to date.

$ git push origin master
Enumerating objects: 4, done.
Counting objects: 100% (4/4), done.
Delta compression using up to 4 threads
Compressing objects: 100% (3/3), done.
Writing objects: 100% (3/3), 581 bytes | 290.00 KiB/s, done.
Total 3 (delta 0), reused 0 (delta 0)
To https://github.com/shajinjerome/TestMuleApp.git
   bf89984..61c0a43  master -> master
   

sjerome@USLMASJEROME1 MINGW64 /c/DEL/2. Mule Training/sourcecode/TestMuleApp (master)
$ git checkout -b NovRelease
Switched to a new branch 'NovRelease'

sjerome@USLMASJEROME1 MINGW64 /c/DEL/2. Mule Training/sourcecode/TestMuleApp (NovRelease)
$ git status
On branch NovRelease
nothing to commit, working tree clean

$ git pull origin NovRelease
fatal: Couldn't find remote ref NovRelease

sjerome@USLMASJEROME1 MINGW64 /c/DEL/2. Mule Training/sourcecode/TestMuleApp (NovRelease)
$ git push origin NovRelease
Enumerating objects: 5, done.
Counting objects: 100% (5/5), done.
Delta compression using up to 4 threads
Compressing objects: 100% (3/3), done.
Writing objects: 100% (3/3), 458 bytes | 458.00 KiB/s, done.
Total 3 (delta 1), reused 0 (delta 0)
remote: Resolving deltas: 100% (1/1), completed with 1 local object.
remote:
remote: Create a pull request for 'NovRelease' on GitHub by visiting:
remote:      https://github.com/shajinjerome/TestMuleApp/pull/new/NovRelease
remote:
To https://github.com/shajinjerome/TestMuleApp.git
 * [new branch]      NovRelease -> NovRelease

